=== START mrart_sub-000148 13:08:50 ===
Output: /Users/jolaneabrams/Desktop/GitHub/MRART_Demo_Project/comparison/slices_mrart_sub-000148
Wrote /Users/jolaneabrams/Desktop/GitHub/MRART_Demo_Project/comparison/slices_mrart_sub-000148/cmd_still.txt
Wrote /Users/jolaneabrams/Desktop/GitHub/MRART_Demo_Project/comparison/slices_mrart_sub-000148/cmd_mld.txt
Wrote /Users/jolaneabrams/Desktop/GitHub/MRART_Demo_Project/comparison/slices_mrart_sub-000148/cmd_mod.txt
Slicing still...
  freeview exit 0
Slicing mld...
  freeview exit 0
Slicing mod...
  freeview exit 0
Done. Slices in /Users/jolaneabrams/Desktop/GitHub/MRART_Demo_Project/comparison/slices_mrart_sub-000148
153 png files
=== END mrart_sub-000148 exit=0 pngs=153 13:14:28 ===
=== START mrart_sub-000149 13:14:28 ===
Output: /Users/jolaneabrams/Desktop/GitHub/MRART_Demo_Project/comparison/slices_mrart_sub-000149
Wrote /Users/jolaneabrams/Desktop/GitHub/MRART_Demo_Project/comparison/slices_mrart_sub-000149/cmd_still.txt
Wrote /Users/jolaneabrams/Desktop/GitHub/MRART_Demo_Project/comparison/slices_mrart_sub-000149/cmd_mld.txt
Wrote /Users/jolaneabrams/Desktop/GitHub/MRART_Demo_Project/comparison/slices_mrart_sub-000149/cmd_mod.txt
Slicing still...
  freeview exit 0
Slicing mld...
  freeview exit 0
Slicing mod...
  freeview exit 0
Done. Slices in /Users/jolaneabrams/Desktop/GitHub/MRART_Demo_Project/comparison/slices_mrart_sub-000149
153 png files
=== END mrart_sub-000149 exit=0 pngs=153 13:20:04 ===
=== START mrart_sub-000159 13:20:04 ===
Output: /Users/jolaneabrams/Desktop/GitHub/MRART_Demo_Project/comparison/slices_mrart_sub-000159
Wrote /Users/jolaneabrams/Desktop/GitHub/MRART_Demo_Project/comparison/slices_mrart_sub-000159/cmd_still.txt
Wrote /Users/jolaneabrams/Desktop/GitHub/MRART_Demo_Project/comparison/slices_mrart_sub-000159/cmd_mld.txt
Wrote /Users/jolaneabrams/Desktop/GitHub/MRART_Demo_Project/comparison/slices_mrart_sub-000159/cmd_mod.txt
Slicing still...
  freeview exit 0
Slicing mld...
  freeview exit 0
Slicing mod...
  freeview exit 0
Done. Slices in /Users/jolaneabrams/Desktop/GitHub/MRART_Demo_Project/comparison/slices_mrart_sub-000159
153 png files
=== END mrart_sub-000159 exit=0 pngs=153 13:25:40 ===
=== START mrart_sub-000175 13:25:40 ===
Output: /Users/jolaneabrams/Desktop/GitHub/MRART_Demo_Project/comparison/slices_mrart_sub-000175
Wrote /Users/jolaneabrams/Desktop/GitHub/MRART_Demo_Project/comparison/slices_mrart_sub-000175/cmd_still.txt
Wrote /Users/jolaneabrams/Desktop/GitHub/MRART_Demo_Project/comparison/slices_mrart_sub-000175/cmd_mld.txt
Wrote /Users/jolaneabrams/Desktop/GitHub/MRART_Demo_Project/comparison/slices_mrart_sub-000175/cmd_mod.txt
Slicing still...
  freeview exit 0
Slicing mld...
  freeview exit 0
Slicing mod...
  freeview exit 0
Done. Slices in /Users/jolaneabrams/Desktop/GitHub/MRART_Demo_Project/comparison/slices_mrart_sub-000175
153 png files
=== END mrart_sub-000175 exit=0 pngs=153 13:31:17 ===
=== START mrart_sub-000179 13:31:17 ===
Output: /Users/jolaneabrams/Desktop/GitHub/MRART_Demo_Project/comparison/slices_mrart_sub-000179
Wrote /Users/jolaneabrams/Desktop/GitHub/MRART_Demo_Project/comparison/slices_mrart_sub-000179/cmd_still.txt
Wrote /Users/jolaneabrams/Desktop/GitHub/MRART_Demo_Project/comparison/slices_mrart_sub-000179/cmd_mld.txt
Wrote /Users/jolaneabrams/Desktop/GitHub/MRART_Demo_Project/comparison/slices_mrart_sub-000179/cmd_mod.txt
Slicing still...
  freeview exit 0
Slicing mld...
  freeview exit 0
Slicing mod...
  freeview exit 0
Done. Slices in /Users/jolaneabrams/Desktop/GitHub/MRART_Demo_Project/comparison/slices_mrart_sub-000179
153 png files
=== END mrart_sub-000179 exit=0 pngs=153 13:36:53 ===
=== START mrart_sub-000183 13:36:53 ===
Output: /Users/jolaneabrams/Desktop/GitHub/MRART_Demo_Project/comparison/slices_mrart_sub-000183
Wrote /Users/jolaneabrams/Desktop/GitHub/MRART_Demo_Project/comparison/slices_mrart_sub-000183/cmd_still.txt
Wrote /Users/jolaneabrams/Desktop/GitHub/MRART_Demo_Project/comparison/slices_mrart_sub-000183/cmd_mld.txt
Wrote /Users/jolaneabrams/Desktop/GitHub/MRART_Demo_Project/comparison/slices_mrart_sub-000183/cmd_mod.txt
Slicing still...
  freeview exit 0
Slicing mld...
  freeview exit 0
Slicing mod...
  freeview exit 0
Done. Slices in /Users/jolaneabrams/Desktop/GitHub/MRART_Demo_Project/comparison/slices_mrart_sub-000183
153 png files
=== END mrart_sub-000183 exit=0 pngs=153 13:42:29 ===
=== START mrart_sub-003617 13:42:29 ===
Output: /Users/jolaneabrams/Desktop/GitHub/MRART_Demo_Project/comparison/slices_mrart_sub-003617
Wrote /Users/jolaneabrams/Desktop/GitHub/MRART_Demo_Project/comparison/slices_mrart_sub-003617/cmd_still.txt
Wrote /Users/jolaneabrams/Desktop/GitHub/MRART_Demo_Project/comparison/slices_mrart_sub-003617/cmd_mld.txt
Wrote /Users/jolaneabrams/Desktop/GitHub/MRART_Demo_Project/comparison/slices_mrart_sub-003617/cmd_mod.txt
Slicing still...
  freeview exit 0
Slicing mld...
  freeview exit 0
Slicing mod...
  freeview exit 0
Done. Slices in /Users/jolaneabrams/Desktop/GitHub/MRART_Demo_Project/comparison/slices_mrart_sub-003617
153 png files
=== END mrart_sub-003617 exit=0 pngs=153 13:48:05 ===
=== START mrart_sub-009673 13:48:05 ===
Output: /Users/jolaneabrams/Desktop/GitHub/MRART_Demo_Project/comparison/slices_mrart_sub-009673
Wrote /Users/jolaneabrams/Desktop/GitHub/MRART_Demo_Project/comparison/slices_mrart_sub-009673/cmd_still.txt
Wrote /Users/jolaneabrams/Desktop/GitHub/MRART_Demo_Project/comparison/slices_mrart_sub-009673/cmd_mld.txt
Wrote /Users/jolaneabrams/Desktop/GitHub/MRART_Demo_Project/comparison/slices_mrart_sub-009673/cmd_mod.txt
Slicing still...
  freeview exit 0
Slicing mld...
  freeview exit 0
Slicing mod...
  freeview exit 0
Done. Slices in /Users/jolaneabrams/Desktop/GitHub/MRART_Demo_Project/comparison/slices_mrart_sub-009673
153 png files
=== END mrart_sub-009673 exit=0 pngs=153 13:53:41 ===
=== START mrart_sub-010769 13:53:41 ===
Output: /Users/jolaneabrams/Desktop/GitHub/MRART_Demo_Project/comparison/slices_mrart_sub-010769
Wrote /Users/jolaneabrams/Desktop/GitHub/MRART_Demo_Project/comparison/slices_mrart_sub-010769/cmd_still.txt
Wrote /Users/jolaneabrams/Desktop/GitHub/MRART_Demo_Project/comparison/slices_mrart_sub-010769/cmd_mld.txt
Wrote /Users/jolaneabrams/Desktop/GitHub/MRART_Demo_Project/comparison/slices_mrart_sub-010769/cmd_mod.txt
Slicing still...
  freeview exit 0
Slicing mld...
  freeview exit 0
Slicing mod...
  freeview exit 0
Done. Slices in /Users/jolaneabrams/Desktop/GitHub/MRART_Demo_Project/comparison/slices_mrart_sub-010769
153 png files
=== END mrart_sub-010769 exit=0 pngs=153 13:59:17 ===
=== START mrart_sub-012059 13:59:17 ===
Output: /Users/jolaneabrams/Desktop/GitHub/MRART_Demo_Project/comparison/slices_mrart_sub-012059
Wrote /Users/jolaneabrams/Desktop/GitHub/MRART_Demo_Project/comparison/slices_mrart_sub-012059/cmd_still.txt
Wrote /Users/jolaneabrams/Desktop/GitHub/MRART_Demo_Project/comparison/slices_mrart_sub-012059/cmd_mld.txt
Wrote /Users/jolaneabrams/Desktop/GitHub/MRART_Demo_Project/comparison/slices_mrart_sub-012059/cmd_mod.txt
Slicing still...
  freeview exit 0
Slicing mld...
  freeview exit 0
Slicing mod...
  freeview exit 0
Done. Slices in /Users/jolaneabrams/Desktop/GitHub/MRART_Demo_Project/comparison/slices_mrart_sub-012059
153 png files
=== END mrart_sub-012059 exit=0 pngs=153 14:04:53 ===
=== START mrart_sub-012322 14:04:53 ===
Output: /Users/jolaneabrams/Desktop/GitHub/MRART_Demo_Project/comparison/slices_mrart_sub-012322
Wrote /Users/jolaneabrams/Desktop/GitHub/MRART_Demo_Project/comparison/slices_mrart_sub-012322/cmd_still.txt
Wrote /Users/jolaneabrams/Desktop/GitHub/MRART_Demo_Project/comparison/slices_mrart_sub-012322/cmd_mld.txt
Wrote /Users/jolaneabrams/Desktop/GitHub/MRART_Demo_Project/comparison/slices_mrart_sub-012322/cmd_mod.txt
Slicing still...
  freeview exit 0
Slicing mld...
  freeview exit 0
Slicing mod...
  freeview exit 0
Done. Slices in /Users/jolaneabrams/Desktop/GitHub/MRART_Demo_Project/comparison/slices_mrart_sub-012322
153 png files
=== END mrart_sub-012322 exit=0 pngs=153 14:10:29 ===
=== START mrart_sub-016504 14:10:29 ===
Output: /Users/jolaneabrams/Desktop/GitHub/MRART_Demo_Project/comparison/slices_mrart_sub-016504
Wrote /Users/jolaneabrams/Desktop/GitHub/MRART_Demo_Project/comparison/slices_mrart_sub-016504/cmd_still.txt
Wrote /Users/jolaneabrams/Desktop/GitHub/MRART_Demo_Project/comparison/slices_mrart_sub-016504/cmd_mld.txt
Wrote /Users/jolaneabrams/Desktop/GitHub/MRART_Demo_Project/comparison/slices_mrart_sub-016504/cmd_mod.txt
Slicing still...
  freeview exit 0
Slicing mld...
  freeview exit 0
Slicing mod...
  freeview exit 0
Done. Slices in /Users/jolaneabrams/Desktop/GitHub/MRART_Demo_Project/comparison/slices_mrart_sub-016504
153 png files
=== END mrart_sub-016504 exit=0 pngs=153 14:16:07 ===
=== START mrart_sub-067018 14:16:07 ===
Output: /Users/jolaneabrams/Desktop/GitHub/MRART_Demo_Project/comparison/slices_mrart_sub-067018
Wrote /Users/jolaneabrams/Desktop/GitHub/MRART_Demo_Project/comparison/slices_mrart_sub-067018/cmd_still.txt
Wrote /Users/jolaneabrams/Desktop/GitHub/MRART_Demo_Project/comparison/slices_mrart_sub-067018/cmd_mld.txt
Wrote /Users/jolaneabrams/Desktop/GitHub/MRART_Demo_Project/comparison/slices_mrart_sub-067018/cmd_mod.txt
Slicing still...
  freeview exit 0
Slicing mld...
  freeview exit 0
Slicing mod...
  freeview exit 0
Done. Slices in /Users/jolaneabrams/Desktop/GitHub/MRART_Demo_Project/comparison/slices_mrart_sub-067018
153 png files
=== END mrart_sub-067018 exit=0 pngs=153 14:21:43 ===
=== START mrart_sub-089207 14:21:43 ===
Output: /Users/jolaneabrams/Desktop/GitHub/MRART_Demo_Project/comparison/slices_mrart_sub-089207
Wrote /Users/jolaneabrams/Desktop/GitHub/MRART_Demo_Project/comparison/slices_mrart_sub-089207/cmd_still.txt
Wrote /Users/jolaneabrams/Desktop/GitHub/MRART_Demo_Project/comparison/slices_mrart_sub-089207/cmd_mld.txt
Wrote /Users/jolaneabrams/Desktop/GitHub/MRART_Demo_Project/comparison/slices_mrart_sub-089207/cmd_mod.txt
Slicing still...
  freeview exit 0
Slicing mld...
  freeview exit 0
Slicing mod...
  freeview exit 0
Done. Slices in /Users/jolaneabrams/Desktop/GitHub/MRART_Demo_Project/comparison/slices_mrart_sub-089207
153 png files
=== END mrart_sub-089207 exit=0 pngs=153 14:27:20 ===
=== START mrart_sub-105822 14:27:20 ===
Output: /Users/jolaneabrams/Desktop/GitHub/MRART_Demo_Project/comparison/slices_mrart_sub-105822
Missing inputs for mld: /Users/jolaneabrams/Desktop/GitHub/MRART_Demo_Project/fs_subjects/mrart_sub-105822_acq-headmotion1_T1w
  /Users/jolaneabrams/Desktop/GitHub/MRART_Demo_Project/fs_subjects/mrart_sub-105822_acq-headmotion1_T1w/surf/lh.white
  /Users/jolaneabrams/Desktop/GitHub/MRART_Demo_Project/fs_subjects/mrart_sub-105822_acq-headmotion1_T1w/surf/rh.white
  /Users/jolaneabrams/Desktop/GitHub/MRART_Demo_Project/fs_subjects/mrart_sub-105822_acq-headmotion1_T1w/surf/lh.pial
  /Users/jolaneabrams/Desktop/GitHub/MRART_Demo_Project/fs_subjects/mrart_sub-105822_acq-headmotion1_T1w/surf/rh.pial
  /Users/jolaneabrams/Desktop/GitHub/MRART_Demo_Project/fs_subjects/mrart_sub-105822_acq-headmotion1_T1w/mri/T1.mgz
  /Users/jolaneabrams/Desktop/GitHub/MRART_Demo_Project/fs_subjects/mrart_sub-105822_acq-headmotion1_T1w/mri/transforms/talairach.lta
Wrote /Users/jolaneabrams/Desktop/GitHub/MRART_Demo_Project/comparison/slices_mrart_sub-105822/cmd_still.txt
Wrote /Users/jolaneabrams/Desktop/GitHub/MRART_Demo_Project/comparison/slices_mrart_sub-105822/cmd_mod.txt
Slicing still...
  freeview exit 0
No command file for mld
Slicing mod...
  freeview exit 0
Done. Slices in /Users/jolaneabrams/Desktop/GitHub/MRART_Demo_Project/comparison/slices_mrart_sub-105822
102 png files
Expected screenshots for still, mld, and mod.
=== END mrart_sub-105822 exit=1 pngs=102 14:31:04 ===
=== START mrart_sub-107738 14:31:04 ===
Output: /Users/jolaneabrams/Desktop/GitHub/MRART_Demo_Project/comparison/slices_mrart_sub-107738
Wrote /Users/jolaneabrams/Desktop/GitHub/MRART_Demo_Project/comparison/slices_mrart_sub-107738/cmd_still.txt
Wrote /Users/jolaneabrams/Desktop/GitHub/MRART_Demo_Project/comparison/slices_mrart_sub-107738/cmd_mld.txt
Wrote /Users/jolaneabrams/Desktop/GitHub/MRART_Demo_Project/comparison/slices_mrart_sub-107738/cmd_mod.txt
Slicing still...
  freeview exit 0
Slicing mld...
  freeview exit 0
Slicing mod...
  freeview exit 0
Done. Slices in /Users/jolaneabrams/Desktop/GitHub/MRART_Demo_Project/comparison/slices_mrart_sub-107738
153 png files
=== END mrart_sub-107738 exit=0 pngs=153 14:36:41 ===
=== START mrart_sub-108142 14:36:41 ===
Output: /Users/jolaneabrams/Desktop/GitHub/MRART_Demo_Project/comparison/slices_mrart_sub-108142
Wrote /Users/jolaneabrams/Desktop/GitHub/MRART_Demo_Project/comparison/slices_mrart_sub-108142/cmd_still.txt
Wrote /Users/jolaneabrams/Desktop/GitHub/MRART_Demo_Project/comparison/slices_mrart_sub-108142/cmd_mld.txt
Wrote /Users/jolaneabrams/Desktop/GitHub/MRART_Demo_Project/comparison/slices_mrart_sub-108142/cmd_mod.txt
Slicing still...
  freeview exit 0
Slicing mld...
  freeview exit 0
Slicing mod...
  freeview exit 0
Done. Slices in /Users/jolaneabrams/Desktop/GitHub/MRART_Demo_Project/comparison/slices_mrart_sub-108142
153 png files
=== END mrart_sub-108142 exit=0 pngs=153 14:42:17 ===
=== START mrart_sub-118003 14:42:17 ===
Output: /Users/jolaneabrams/Desktop/GitHub/MRART_Demo_Project/comparison/slices_mrart_sub-118003
Wrote /Users/jolaneabrams/Desktop/GitHub/MRART_Demo_Project/comparison/slices_mrart_sub-118003/cmd_still.txt
Wrote /Users/jolaneabrams/Desktop/GitHub/MRART_Demo_Project/comparison/slices_mrart_sub-118003/cmd_mld.txt
Wrote /Users/jolaneabrams/Desktop/GitHub/MRART_Demo_Project/comparison/slices_mrart_sub-118003/cmd_mod.txt
Slicing still...
  freeview exit 0
Slicing mld...
  freeview exit 0
Slicing mod...
  freeview exit 0
Done. Slices in /Users/jolaneabrams/Desktop/GitHub/MRART_Demo_Project/comparison/slices_mrart_sub-118003
153 png files
=== END mrart_sub-118003 exit=0 pngs=153 14:47:53 ===
=== START mrart_sub-122916 14:47:53 ===
Output: /Users/jolaneabrams/Desktop/GitHub/MRART_Demo_Project/comparison/slices_mrart_sub-122916
Wrote /Users/jolaneabrams/Desktop/GitHub/MRART_Demo_Project/comparison/slices_mrart_sub-122916/cmd_still.txt
Wrote /Users/jolaneabrams/Desktop/GitHub/MRART_Demo_Project/comparison/slices_mrart_sub-122916/cmd_mld.txt
Wrote /Users/jolaneabrams/Desktop/GitHub/MRART_Demo_Project/comparison/slices_mrart_sub-122916/cmd_mod.txt
Slicing still...
  freeview exit 0
Slicing mld...
  freeview exit 0
Slicing mod...
  freeview exit 0
Done. Slices in /Users/jolaneabrams/Desktop/GitHub/MRART_Demo_Project/comparison/slices_mrart_sub-122916
153 png files
=== END mrart_sub-122916 exit=0 pngs=153 14:53:29 ===
=== BATCH DONE 14:53:29 ===
